    1  ls
    2  cd Lrn/
    3  cd Lrn
    4  pwd
    5  mkdir ubuntu/
    6  ls
    7  cd ubuntu/
    8  mkdir cloud
    9  ls
   10  touch demofile.txt
   11  ls
   12  mkdir devops
   13  touch myfile.txt newfile.txt
   14  ls
   15  cp newfile.txt devops/
   16  cd devops/
   17  ls
   18  cd ..
   19  cd devops/
   20  touch devops.txt
   21  ls
   22  cd ..
   23  ls
   24  cp devops/devops.txt cloud/
   25  cd cloud/
   26  ls
   27  cp -r cloud/ devops/
   28  cd ..
   29  ls
   30  cp -r cloud/ devops/
   31  cd devops/
   32  cd cloud/
   33  ls
   34  cd ..
   35  ls
   36  cd cloud/
   37  ls
   38  cd ..
   39  mv devops/ newfile.txt .. cloud/
   40  mv devops/ newfile.txt ../cloud/
   41  mv devops/newfile.txt ../cloud/
   42  mv newfile.txt ../cloud/
   43  cd devops/
   44  ls
   45  pwd
   46  cd cloud/
   47  ls
   48  mv devops ../
   49  ls
   50  cd ..
   51  ls
   52  cd devops/
   53  ls
   54  cp newfile.txt ..
   55  ls
   56  cd ..
   57  ls
   58  cd devops/
   59  mv newfile.txt ../ could/
   60  cd devops/
   61  cd ..
   62  cd devops
   63  mv newfile.tcxt ../ cloud/
   64  mv newfile.txt ../cloud/
   65  ls
   66  cd ..
   67  cd cloud/
   68  ls
   69  cd ..
   70  ls
   71  mv devops/ linux_for_devops/
   72  ls
   73  mv linux_for_devops/ devops
   74  ls
   75  script terminal_log.txt
   76  history
   77  history > terminal_log.txt




To record all terminal commands: script terminal_log.txt 
when finished:exit

To copy all commands from treminal:
history

to save them to a file: history > your_file_name.txt



/SanLiu
$ git status
On branch main
Your branch is up to date with 'origin/main'.

nothing to commit, working tree clean
@contri-o ➜ /workspaces/XXxyYY (main) $ git fetch origin

remote: Enumerating objects: 8, done.
remote: Counting objects: 100% (8/8), done.
remote: Compressing objects: 100% (4/4), done.
remote: Total 4 (delta 2), reused 0 (delta 0), pack-reused 0 (from 0)
Unpacking objects: 100% (4/4), 2.63 KiB | 897.00 KiB/s, done.
From https://github.com/contri-o/XXxyYY
   ea62290..6f29b45  main       -> origin/main


@contri-o ➜ /workspaces/XXxyYY (main) $ git checkout main
Already on 'main'
Your branch is behind 'origin/main' by 2 commits, and can be fast-forwarded.
  (use "git pull" to update your local branch)


@contri-o ➜ /workspaces/XXxyYY (main) $ git pull origin main
From https://github.com/contri-o/XXxyYY
 * branch            main       -> FETCH_HEAD
Updating ea62290..6f29b45
Fast-forward
 Lrn | 109 +++++++++++++++++++++++++++++++++++++++++++++++++++++++++++++++++++++++++++++++++++++++++++++++++++++++++++++
 1 file changed, 109 insertions(+)

 
@contri-o ➜ /workspaces/XXxyYY (main) $ history
    1  exit
    2  git status
    3  git fetch origin
    4  git checkout main
    5  git pull origin main
    6  history